[0] start: cases=200 jobs=6 isolate_cwd=True timeout=30.0
  progress: 1/200 score_sum=154122.000000 elapsed=2.01s
  progress: 13/200 score_sum=2114258.000000 elapsed=5.93s
  progress: 25/200 score_sum=4081797.000000 elapsed=9.85s
  progress: 37/200 score_sum=6188121.000000 elapsed=13.78s
  progress: 49/200 score_sum=8187748.000000 elapsed=17.70s
  progress: 61/200 score_sum=10182115.000000 elapsed=21.62s
  progress: 73/200 score_sum=12259397.000000 elapsed=25.55s
  progress: 85/200 score_sum=14677022.000000 elapsed=29.47s
  progress: 97/200 score_sum=16351327.000000 elapsed=33.39s
  progress: 109/200 score_sum=18233166.000000 elapsed=37.31s
  progress: 121/200 score_sum=20516642.000000 elapsed=41.29s
  progress: 133/200 score_sum=22621928.000000 elapsed=45.21s
  progress: 145/200 score_sum=24723342.000000 elapsed=49.13s
  progress: 157/200 score_sum=27079884.000000 elapsed=53.05s
  progress: 169/200 score_sum=29155056.000000 elapsed=56.97s
  progress: 181/200 score_sum=31035835.000000 elapsed=60.89s
  progress: 193/200 score_sum=33312174.000000 elapsed=64.81s
  progress: 200/200 score_sum=34578946.000000 elapsed=66.77s
[0] total_score=34578946.0 elapsed=66.78s
[1] start: cases=200 jobs=6 isolate_cwd=True timeout=30.0
  progress: 1/200 score_sum=96473.000000 elapsed=2.12s
  progress: 7/200 score_sum=782402.000000 elapsed=4.18s
  progress: 13/200 score_sum=2270575.000000 elapsed=6.25s
  progress: 19/200 score_sum=3270062.000000 elapsed=8.31s
  progress: 25/200 score_sum=4494837.000000 elapsed=10.38s
  progress: 31/200 score_sum=5490158.000000 elapsed=12.44s
  progress: 37/200 score_sum=6248143.000000 elapsed=14.50s
  progress: 43/200 score_sum=7348174.000000 elapsed=16.56s
  progress: 49/200 score_sum=8252487.000000 elapsed=18.63s
  progress: 55/200 score_sum=9371252.000000 elapsed=20.69s
  progress: 61/200 score_sum=10517426.000000 elapsed=22.75s
  progress: 67/200 score_sum=11563535.000000 elapsed=24.81s
  progress: 73/200 score_sum=12705993.000000 elapsed=26.88s
  progress: 79/200 score_sum=13517093.000000 elapsed=28.94s
  progress: 85/200 score_sum=14919291.000000 elapsed=31.00s
  progress: 91/200 score_sum=15762658.000000 elapsed=33.07s
  progress: 97/200 score_sum=16569506.000000 elapsed=35.14s
  progress: 103/200 score_sum=17463974.000000 elapsed=37.20s
  progress: 109/200 score_sum=18414079.000000 elapsed=39.26s
  progress: 115/200 score_sum=19483005.000000 elapsed=41.32s
  progress: 121/200 score_sum=20395605.000000 elapsed=43.38s
  progress: 127/200 score_sum=21605313.000000 elapsed=45.45s
  progress: 133/200 score_sum=22778195.000000 elapsed=47.51s
  progress: 139/200 score_sum=23715669.000000 elapsed=49.57s
  progress: 145/200 score_sum=24773304.000000 elapsed=51.63s
  progress: 151/200 score_sum=25757049.000000 elapsed=53.70s
  progress: 157/200 score_sum=26766495.000000 elapsed=55.76s
  progress: 163/200 score_sum=27736732.000000 elapsed=57.82s
  progress: 169/200 score_sum=28927265.000000 elapsed=59.89s
  progress: 175/200 score_sum=30251316.000000 elapsed=61.95s
  progress: 181/200 score_sum=30972519.000000 elapsed=64.01s
  progress: 187/200 score_sum=31991134.000000 elapsed=66.08s
  progress: 193/200 score_sum=32897966.000000 elapsed=68.14s
  progress: 199/200 score_sum=33961975.000000 elapsed=70.20s
  progress: 200/200 score_sum=34232709.000000 elapsed=70.20s
[1] total_score=34232709.0 best=34578946.0 elapsed=70.21s
[2] start: cases=200 jobs=6 isolate_cwd=True timeout=30.0
  progress: 7/200 score_sum=798134.000000 elapsed=3.76s
  progress: 19/200 score_sum=3120861.000000 elapsed=7.47s
  progress: 31/200 score_sum=5168801.000000 elapsed=11.18s
  progress: 43/200 score_sum=7148463.000000 elapsed=14.89s
  progress: 55/200 score_sum=9139127.000000 elapsed=18.59s
  progress: 67/200 score_sum=11298547.000000 elapsed=22.30s
  progress: 79/200 score_sum=13024899.000000 elapsed=26.01s
  progress: 91/200 score_sum=15569056.000000 elapsed=29.72s
  progress: 103/200 score_sum=17297981.000000 elapsed=33.43s
  progress: 115/200 score_sum=19300080.000000 elapsed=37.13s
  progress: 127/200 score_sum=21179598.000000 elapsed=40.85s
  progress: 139/200 score_sum=23527610.000000 elapsed=44.55s
  progress: 151/200 score_sum=25613823.000000 elapsed=48.26s
  progress: 163/200 score_sum=27250091.000000 elapsed=51.97s
  progress: 175/200 score_sum=29428776.000000 elapsed=55.68s
  progress: 187/200 score_sum=31345404.000000 elapsed=59.39s
  progress: 199/200 score_sum=33603222.000000 elapsed=63.09s
  progress: 200/200 score_sum=33748269.000000 elapsed=63.09s
[2] total_score=33748269.0 best=34578946.0 elapsed=63.10s
[3] start: cases=200 jobs=6 isolate_cwd=True timeout=30.0
  progress: 7/200 score_sum=779620.000000 elapsed=3.81s
  progress: 19/200 score_sum=2997446.000000 elapsed=7.59s
  progress: 31/200 score_sum=5133874.000000 elapsed=11.36s
  progress: 43/200 score_sum=7178919.000000 elapsed=15.14s
  progress: 55/200 score_sum=9129934.000000 elapsed=18.91s
  progress: 67/200 score_sum=11569348.000000 elapsed=22.69s
  progress: 79/200 score_sum=13079925.000000 elapsed=26.47s
  progress: 91/200 score_sum=15516034.000000 elapsed=30.25s
  progress: 103/200 score_sum=17297153.000000 elapsed=34.03s
  progress: 115/200 score_sum=19190235.000000 elapsed=37.80s
  progress: 127/200 score_sum=21112699.000000 elapsed=41.58s
  progress: 139/200 score_sum=23442292.000000 elapsed=45.36s
  progress: 151/200 score_sum=25436716.000000 elapsed=49.13s
  progress: 163/200 score_sum=27598526.000000 elapsed=52.91s
  progress: 175/200 score_sum=30174812.000000 elapsed=56.69s
  progress: 187/200 score_sum=32033914.000000 elapsed=60.46s
  progress: 199/200 score_sum=34315016.000000 elapsed=64.23s
  progress: 200/200 score_sum=34520851.000000 elapsed=64.23s
[3] total_score=34520851.0 best=34578946.0 elapsed=64.24s
[4] start: cases=200 jobs=6 isolate_cwd=True timeout=30.0
  progress: 1/200 score_sum=102316.000000 elapsed=2.00s
  progress: 13/200 score_sum=2416320.000000 elapsed=5.94s
  progress: 25/200 score_sum=4277895.000000 elapsed=9.88s
  progress: 37/200 score_sum=6513738.000000 elapsed=13.82s
  progress: 49/200 score_sum=8609604.000000 elapsed=17.75s
  progress: 61/200 score_sum=10659832.000000 elapsed=21.70s
  progress: 73/200 score_sum=12785155.000000 elapsed=25.64s
  progress: 85/200 score_sum=15208427.000000 elapsed=29.58s
  progress: 97/200 score_sum=16935314.000000 elapsed=33.52s
  progress: 109/200 score_sum=19019865.000000 elapsed=37.46s
  progress: 121/200 score_sum=21180003.000000 elapsed=41.40s
  progress: 133/200 score_sum=23251824.000000 elapsed=45.34s
  progress: 145/200 score_sum=25273901.000000 elapsed=49.28s
  progress: 157/200 score_sum=27344209.000000 elapsed=53.21s
  progress: 169/200 score_sum=29660216.000000 elapsed=57.15s
  progress: 181/200 score_sum=31711857.000000 elapsed=61.09s
  progress: 193/200 score_sum=33856990.000000 elapsed=65.03s
  progress: 200/200 score_sum=35005213.000000 elapsed=66.99s
[4] total_score=35005213.0 best=35005213.0 elapsed=67.00s
[5] start: cases=200 jobs=6 isolate_cwd=True timeout=30.0
  progress: 7/200 score_sum=804853.000000 elapsed=3.83s
  progress: 19/200 score_sum=2954336.000000 elapsed=7.62s
  progress: 31/200 score_sum=5020806.000000 elapsed=11.42s
  progress: 43/200 score_sum=6982482.000000 elapsed=15.22s
  progress: 55/200 score_sum=8877530.000000 elapsed=19.01s
  progress: 67/200 score_sum=11045331.000000 elapsed=22.81s
  progress: 79/200 score_sum=13124608.000000 elapsed=26.60s
  progress: 91/200 score_sum=15237905.000000 elapsed=30.39s
  progress: 103/200 score_sum=17083032.000000 elapsed=34.19s
  progress: 115/200 score_sum=19348735.000000 elapsed=37.98s
  progress: 127/200 score_sum=21266004.000000 elapsed=41.78s
  progress: 139/200 score_sum=23613968.000000 elapsed=45.58s
  progress: 151/200 score_sum=25736597.000000 elapsed=49.37s
  progress: 163/200 score_sum=27642757.000000 elapsed=53.17s
  progress: 175/200 score_sum=30130729.000000 elapsed=56.97s
  progress: 187/200 score_sum=32286851.000000 elapsed=60.76s
  progress: 199/200 score_sum=34280129.000000 elapsed=64.55s
  progress: 200/200 score_sum=34508458.000000 elapsed=64.55s
[5] total_score=34508458.0 best=35005213.0 elapsed=64.56s
[6] start: cases=200 jobs=6 isolate_cwd=True timeout=30.0
  progress: 1/200 score_sum=114499.000000 elapsed=2.15s
  progress: 7/200 score_sum=913761.000000 elapsed=4.26s
  progress: 13/200 score_sum=1860161.000000 elapsed=6.37s
  progress: 19/200 score_sum=3275526.000000 elapsed=8.48s
  progress: 25/200 score_sum=4088233.000000 elapsed=10.60s
  progress: 31/200 score_sum=4911942.000000 elapsed=12.71s
  progress: 37/200 score_sum=5740438.000000 elapsed=14.82s
  progress: 43/200 score_sum=6899393.000000 elapsed=16.93s
  progress: 49/200 score_sum=7780220.000000 elapsed=19.04s
  progress: 55/200 score_sum=8579662.000000 elapsed=21.16s
  progress: 61/200 score_sum=9554923.000000 elapsed=23.27s
  progress: 67/200 score_sum=10656915.000000 elapsed=25.38s
  progress: 73/200 score_sum=11734236.000000 elapsed=27.49s
  progress: 79/200 score_sum=12391537.000000 elapsed=29.60s
  progress: 85/200 score_sum=13753877.000000 elapsed=31.71s
  progress: 91/200 score_sum=14607214.000000 elapsed=33.83s
  progress: 97/200 score_sum=15364915.000000 elapsed=35.94s
  progress: 103/200 score_sum=16220480.000000 elapsed=38.05s
  progress: 109/200 score_sum=17175148.000000 elapsed=40.16s
  progress: 115/200 score_sum=18374720.000000 elapsed=42.28s
  progress: 121/200 score_sum=19273490.000000 elapsed=44.39s
  progress: 127/200 score_sum=20289926.000000 elapsed=46.50s
  progress: 133/200 score_sum=21385810.000000 elapsed=48.61s
  progress: 139/200 score_sum=22471419.000000 elapsed=50.73s
  progress: 145/200 score_sum=23614232.000000 elapsed=52.84s
  progress: 151/200 score_sum=24627906.000000 elapsed=54.95s
  progress: 157/200 score_sum=25744792.000000 elapsed=57.06s
  progress: 163/200 score_sum=26549457.000000 elapsed=59.17s
  progress: 169/200 score_sum=27830466.000000 elapsed=61.28s
  progress: 175/200 score_sum=28910278.000000 elapsed=63.39s
  progress: 181/200 score_sum=29842086.000000 elapsed=65.51s
  progress: 187/200 score_sum=31044998.000000 elapsed=67.62s
  progress: 193/200 score_sum=31822565.000000 elapsed=69.73s
  progress: 199/200 score_sum=32800658.000000 elapsed=71.83s
  progress: 200/200 score_sum=33013551.000000 elapsed=71.83s
[6] total_score=33013551.0 best=35005213.0 elapsed=71.84s
[7] start: cases=200 jobs=6 isolate_cwd=True timeout=30.0
  progress: 1/200 score_sum=69959.000000 elapsed=2.05s
  progress: 13/200 score_sum=2017474.000000 elapsed=6.04s
  progress: 25/200 score_sum=4071901.000000 elapsed=10.03s
  progress: 37/200 score_sum=5939250.000000 elapsed=14.02s
  progress: 49/200 score_sum=7849509.000000 elapsed=18.01s
  progress: 61/200 score_sum=9967546.000000 elapsed=22.01s
  progress: 73/200 score_sum=11948377.000000 elapsed=26.00s
  progress: 85/200 score_sum=14121192.000000 elapsed=29.98s
  progress: 97/200 score_sum=15906963.000000 elapsed=33.98s
  progress: 109/200 score_sum=18129319.000000 elapsed=37.97s
  progress: 121/200 score_sum=19843555.000000 elapsed=41.96s
  progress: 133/200 score_sum=22234682.000000 elapsed=45.95s
  progress: 145/200 score_sum=24238366.000000 elapsed=49.94s
  progress: 157/200 score_sum=26246921.000000 elapsed=53.93s
  progress: 169/200 score_sum=28484519.000000 elapsed=57.92s
  progress: 181/200 score_sum=30640684.000000 elapsed=61.91s
  progress: 193/200 score_sum=32818912.000000 elapsed=65.90s
  progress: 200/200 score_sum=34044852.000000 elapsed=67.89s
[7] total_score=34044852.0 best=35005213.0 elapsed=67.90s
[8] start: cases=200 jobs=6 isolate_cwd=True timeout=30.0
  progress: 7/200 score_sum=955403.000000 elapsed=3.78s
  progress: 19/200 score_sum=3011402.000000 elapsed=7.52s
  progress: 31/200 score_sum=5231234.000000 elapsed=11.26s
  progress: 43/200 score_sum=7177007.000000 elapsed=14.99s
  progress: 55/200 score_sum=9044911.000000 elapsed=18.74s
  progress: 67/200 score_sum=11013119.000000 elapsed=22.48s
  progress: 79/200 score_sum=12756668.000000 elapsed=26.22s
  progress: 91/200 score_sum=15003111.000000 elapsed=29.96s
  progress: 103/200 score_sum=16668273.000000 elapsed=33.70s
  progress: 115/200 score_sum=18740107.000000 elapsed=37.44s
  progress: 127/200 score_sum=20648887.000000 elapsed=41.19s
  progress: 139/200 score_sum=22993012.000000 elapsed=44.92s
  progress: 151/200 score_sum=25043399.000000 elapsed=48.66s
  progress: 163/200 score_sum=27233953.000000 elapsed=52.40s
  progress: 175/200 score_sum=29495099.000000 elapsed=56.14s
  progress: 187/200 score_sum=31700477.000000 elapsed=59.88s
  progress: 199/200 score_sum=33575034.000000 elapsed=63.62s
  progress: 200/200 score_sum=33776938.000000 elapsed=63.62s
[8] total_score=33776938.0 best=35005213.0 elapsed=63.63s
[9] start: cases=200 jobs=6 isolate_cwd=True timeout=30.0
  progress: 1/200 score_sum=117821.000000 elapsed=2.09s
  progress: 7/200 score_sum=929867.000000 elapsed=4.14s
  progress: 13/200 score_sum=1906996.000000 elapsed=6.18s
  progress: 19/200 score_sum=3174465.000000 elapsed=8.22s
  progress: 25/200 score_sum=4257315.000000 elapsed=10.26s
  progress: 31/200 score_sum=5018889.000000 elapsed=12.30s
  progress: 37/200 score_sum=5923548.000000 elapsed=14.34s
  progress: 43/200 score_sum=6996500.000000 elapsed=16.39s
  progress: 49/200 score_sum=7957197.000000 elapsed=18.43s
  progress: 55/200 score_sum=8963607.000000 elapsed=20.47s
  progress: 61/200 score_sum=10016097.000000 elapsed=22.51s
  progress: 67/200 score_sum=11059383.000000 elapsed=24.56s
  progress: 73/200 score_sum=12224645.000000 elapsed=26.60s
  progress: 79/200 score_sum=13323147.000000 elapsed=28.64s
  progress: 85/200 score_sum=14484791.000000 elapsed=30.68s
  progress: 91/200 score_sum=15448376.000000 elapsed=32.72s
  progress: 97/200 score_sum=16398006.000000 elapsed=34.76s
  progress: 103/200 score_sum=17081130.000000 elapsed=36.80s
  progress: 109/200 score_sum=18104794.000000 elapsed=38.84s
  progress: 115/200 score_sum=19149855.000000 elapsed=40.88s
  progress: 121/200 score_sum=20299958.000000 elapsed=42.93s
  progress: 127/200 score_sum=21362488.000000 elapsed=44.97s
  progress: 133/200 score_sum=22206803.000000 elapsed=47.01s
  progress: 139/200 score_sum=23558789.000000 elapsed=49.05s
  progress: 145/200 score_sum=24320234.000000 elapsed=51.09s
  progress: 151/200 score_sum=25405612.000000 elapsed=53.13s
  progress: 157/200 score_sum=26489178.000000 elapsed=55.18s
  progress: 163/200 score_sum=27356120.000000 elapsed=57.22s
  progress: 169/200 score_sum=28428604.000000 elapsed=59.26s
  progress: 175/200 score_sum=29618881.000000 elapsed=61.30s
  progress: 181/200 score_sum=30570897.000000 elapsed=63.34s
  progress: 187/200 score_sum=31932957.000000 elapsed=65.39s
  progress: 193/200 score_sum=32816078.000000 elapsed=67.43s
  progress: 199/200 score_sum=33758542.000000 elapsed=69.47s
  progress: 200/200 score_sum=33880952.000000 elapsed=69.47s
[9] total_score=33880952.0 best=35005213.0 elapsed=69.47s
[10] start: cases=200 jobs=6 isolate_cwd=True timeout=30.0
  progress: 1/200 score_sum=127869.000000 elapsed=2.20s
  progress: 7/200 score_sum=728877.000000 elapsed=4.36s
  progress: 13/200 score_sum=2124200.000000 elapsed=6.53s
  progress: 19/200 score_sum=3083536.000000 elapsed=8.69s
  progress: 25/200 score_sum=3839613.000000 elapsed=10.86s
  progress: 31/200 score_sum=4992073.000000 elapsed=13.02s
  progress: 37/200 score_sum=5852355.000000 elapsed=15.18s
  progress: 43/200 score_sum=6933917.000000 elapsed=17.35s
  progress: 49/200 score_sum=7966187.000000 elapsed=19.51s
  progress: 55/200 score_sum=8760018.000000 elapsed=21.68s
  progress: 61/200 score_sum=9831321.000000 elapsed=23.84s
  progress: 67/200 score_sum=11039509.000000 elapsed=26.00s
  progress: 73/200 score_sum=12003142.000000 elapsed=28.16s
  progress: 79/200 score_sum=12770131.000000 elapsed=30.33s
  progress: 85/200 score_sum=14316211.000000 elapsed=32.49s
  progress: 91/200 score_sum=15230009.000000 elapsed=34.65s
  progress: 97/200 score_sum=16183244.000000 elapsed=36.81s
  progress: 103/200 score_sum=17063617.000000 elapsed=38.98s
  progress: 109/200 score_sum=18168890.000000 elapsed=41.14s
  progress: 115/200 score_sum=19414306.000000 elapsed=43.30s
  progress: 121/200 score_sum=20282092.000000 elapsed=45.47s
  progress: 127/200 score_sum=21247477.000000 elapsed=47.63s
  progress: 133/200 score_sum=22555713.000000 elapsed=49.79s
  progress: 139/200 score_sum=23633093.000000 elapsed=51.95s
  progress: 145/200 score_sum=24727156.000000 elapsed=54.12s
  progress: 151/200 score_sum=25695205.000000 elapsed=56.28s
  progress: 157/200 score_sum=26829362.000000 elapsed=58.44s
  progress: 163/200 score_sum=27671667.000000 elapsed=60.61s
  progress: 169/200 score_sum=28882141.000000 elapsed=62.77s
  progress: 175/200 score_sum=30171546.000000 elapsed=64.93s
  progress: 181/200 score_sum=31167744.000000 elapsed=67.09s
  progress: 187/200 score_sum=32342253.000000 elapsed=69.25s
  progress: 193/200 score_sum=33648901.000000 elapsed=71.41s
  progress: 199/200 score_sum=34640121.000000 elapsed=73.57s
  progress: 200/200 score_sum=34771590.000000 elapsed=73.57s
[10] total_score=34771590.0 best=35005213.0 elapsed=73.58s
[11] start: cases=200 jobs=6 isolate_cwd=True timeout=30.0
  progress: 7/200 score_sum=849444.000000 elapsed=3.75s
  progress: 19/200 score_sum=2961808.000000 elapsed=7.46s
  progress: 31/200 score_sum=4686299.000000 elapsed=11.17s
  progress: 43/200 score_sum=6507107.000000 elapsed=14.89s
  progress: 55/200 score_sum=8476382.000000 elapsed=18.60s
  progress: 67/200 score_sum=10390458.000000 elapsed=22.31s
  progress: 79/200 score_sum=12376598.000000 elapsed=26.02s
  progress: 91/200 score_sum=14713669.000000 elapsed=29.73s
  progress: 103/200 score_sum=16434004.000000 elapsed=33.44s
  progress: 115/200 score_sum=18689936.000000 elapsed=37.15s
  progress: 127/200 score_sum=20743686.000000 elapsed=40.86s
  progress: 139/200 score_sum=22630657.000000 elapsed=44.57s
  progress: 151/200 score_sum=24722249.000000 elapsed=48.28s
  progress: 163/200 score_sum=26507903.000000 elapsed=52.00s
  progress: 175/200 score_sum=28901454.000000 elapsed=55.71s
  progress: 187/200 score_sum=30787105.000000 elapsed=59.42s
  progress: 199/200 score_sum=32673956.000000 elapsed=63.12s
  progress: 200/200 score_sum=32884100.000000 elapsed=63.12s
[11] total_score=32884100.0 best=35005213.0 elapsed=63.13s
[12] start: cases=200 jobs=6 isolate_cwd=True timeout=30.0
  progress: 1/200 score_sum=105999.000000 elapsed=2.01s
  progress: 13/200 score_sum=1915307.000000 elapsed=5.96s
  progress: 25/200 score_sum=4228086.000000 elapsed=9.90s
  progress: 37/200 score_sum=6061353.000000 elapsed=13.85s
  progress: 49/200 score_sum=7989609.000000 elapsed=17.80s
  progress: 61/200 score_sum=10110271.000000 elapsed=21.75s
  progress: 73/200 score_sum=11914902.000000 elapsed=25.70s
  progress: 85/200 score_sum=14020343.000000 elapsed=29.65s
  progress: 97/200 score_sum=15867211.000000 elapsed=33.60s
  progress: 109/200 score_sum=17599617.000000 elapsed=37.54s
  progress: 121/200 score_sum=19290280.000000 elapsed=41.49s
  progress: 133/200 score_sum=21129003.000000 elapsed=45.44s
  progress: 145/200 score_sum=23148024.000000 elapsed=49.39s
  progress: 157/200 score_sum=25241606.000000 elapsed=53.34s
  progress: 169/200 score_sum=27379512.000000 elapsed=57.29s
  progress: 181/200 score_sum=29269980.000000 elapsed=61.24s
  progress: 193/200 score_sum=31414281.000000 elapsed=65.19s
  progress: 200/200 score_sum=32473864.000000 elapsed=67.16s
[12] total_score=32473864.0 best=35005213.0 elapsed=67.17s
[13] start: cases=200 jobs=6 isolate_cwd=True timeout=30.0
  progress: 7/200 score_sum=816555.000000 elapsed=3.60s
  progress: 19/200 score_sum=3063783.000000 elapsed=7.17s
  progress: 31/200 score_sum=4900755.000000 elapsed=10.74s
  progress: 43/200 score_sum=6807785.000000 elapsed=14.31s
  progress: 55/200 score_sum=8650813.000000 elapsed=17.87s
  progress: 67/200 score_sum=10679793.000000 elapsed=21.44s
  progress: 79/200 score_sum=12490877.000000 elapsed=25.01s
  progress: 91/200 score_sum=14747467.000000 elapsed=28.57s
  progress: 103/200 score_sum=16403620.000000 elapsed=32.14s
  progress: 115/200 score_sum=18467632.000000 elapsed=35.71s
  progress: 127/200 score_sum=20135110.000000 elapsed=39.28s
  progress: 139/200 score_sum=22353900.000000 elapsed=42.85s
  progress: 151/200 score_sum=24363511.000000 elapsed=46.41s
  progress: 163/200 score_sum=26327995.000000 elapsed=49.98s
  progress: 175/200 score_sum=28668916.000000 elapsed=53.54s
  progress: 187/200 score_sum=30697988.000000 elapsed=57.11s
  progress: 199/200 score_sum=32697662.000000 elapsed=60.67s
  progress: 200/200 score_sum=32810735.000000 elapsed=60.67s
[13] total_score=32810735.0 best=35005213.0 elapsed=60.67s
[14] start: cases=200 jobs=6 isolate_cwd=True timeout=30.0
  progress: 7/200 score_sum=800110.000000 elapsed=3.75s
  progress: 19/200 score_sum=3256235.000000 elapsed=7.46s
  progress: 31/200 score_sum=5301767.000000 elapsed=11.17s
  progress: 43/200 score_sum=7143912.000000 elapsed=14.88s
  progress: 55/200 score_sum=9385000.000000 elapsed=18.59s
  progress: 67/200 score_sum=11352800.000000 elapsed=22.30s
  progress: 79/200 score_sum=13076521.000000 elapsed=26.01s
  progress: 91/200 score_sum=15547680.000000 elapsed=29.72s
  progress: 103/200 score_sum=17286561.000000 elapsed=33.43s
  progress: 115/200 score_sum=19548094.000000 elapsed=37.14s
  progress: 127/200 score_sum=21452491.000000 elapsed=40.85s
  progress: 139/200 score_sum=23396263.000000 elapsed=44.56s
  progress: 151/200 score_sum=25448594.000000 elapsed=48.27s
  progress: 163/200 score_sum=27534954.000000 elapsed=51.98s
  progress: 175/200 score_sum=29893583.000000 elapsed=55.69s
  progress: 187/200 score_sum=32215743.000000 elapsed=59.40s
  progress: 199/200 score_sum=34305828.000000 elapsed=63.10s
  progress: 200/200 score_sum=34545633.000000 elapsed=63.10s
[14] total_score=34545633.0 best=35005213.0 elapsed=63.11s
[15] start: cases=200 jobs=6 isolate_cwd=True timeout=30.0
  progress: 1/200 score_sum=99997.000000 elapsed=2.09s
  progress: 7/200 score_sum=1090686.000000 elapsed=4.14s
  progress: 13/200 score_sum=2155025.000000 elapsed=6.20s
  progress: 19/200 score_sum=3132290.000000 elapsed=8.25s
  progress: 25/200 score_sum=4219936.000000 elapsed=10.30s
  progress: 31/200 score_sum=5178832.000000 elapsed=12.35s
  progress: 37/200 score_sum=6129157.000000 elapsed=14.40s
  progress: 43/200 score_sum=7053596.000000 elapsed=16.46s
  progress: 49/200 score_sum=7953931.000000 elapsed=18.51s
  progress: 55/200 score_sum=8825209.000000 elapsed=20.56s
  progress: 61/200 score_sum=9788868.000000 elapsed=22.61s
  progress: 67/200 score_sum=10860580.000000 elapsed=24.67s
  progress: 73/200 score_sum=11811786.000000 elapsed=26.72s
  progress: 79/200 score_sum=12760785.000000 elapsed=28.77s
  progress: 85/200 score_sum=14228667.000000 elapsed=30.82s
  progress: 91/200 score_sum=15136559.000000 elapsed=32.88s
  progress: 97/200 score_sum=16075094.000000 elapsed=34.93s
  progress: 103/200 score_sum=17017601.000000 elapsed=36.98s
  progress: 109/200 score_sum=18035322.000000 elapsed=39.03s
  progress: 115/200 score_sum=19355804.000000 elapsed=41.08s
  progress: 121/200 score_sum=20142952.000000 elapsed=43.14s
  progress: 127/200 score_sum=21161445.000000 elapsed=45.19s
  progress: 133/200 score_sum=22269265.000000 elapsed=47.24s
  progress: 139/200 score_sum=23417179.000000 elapsed=49.29s
  progress: 145/200 score_sum=24401873.000000 elapsed=51.35s
  progress: 151/200 score_sum=25473468.000000 elapsed=53.40s
  progress: 157/200 score_sum=26551918.000000 elapsed=55.45s
  progress: 163/200 score_sum=27383910.000000 elapsed=57.50s
  progress: 169/200 score_sum=28610908.000000 elapsed=59.55s
  progress: 175/200 score_sum=29972760.000000 elapsed=61.60s
  progress: 181/200 score_sum=30757919.000000 elapsed=63.65s
  progress: 187/200 score_sum=31813617.000000 elapsed=65.71s
  progress: 193/200 score_sum=33005408.000000 elapsed=67.76s
  progress: 199/200 score_sum=33870394.000000 elapsed=69.80s
  progress: 200/200 score_sum=34109238.000000 elapsed=69.80s
[15] total_score=34109238.0 best=35005213.0 elapsed=69.81s
[16] start: cases=200 jobs=6 isolate_cwd=True timeout=30.0
  progress: 7/200 score_sum=949247.000000 elapsed=3.91s
  progress: 19/200 score_sum=3146317.000000 elapsed=7.79s
  progress: 31/200 score_sum=5247897.000000 elapsed=11.67s
  progress: 43/200 score_sum=7110898.000000 elapsed=15.54s
  progress: 55/200 score_sum=8907269.000000 elapsed=19.42s
  progress: 67/200 score_sum=10871586.000000 elapsed=23.30s
  progress: 79/200 score_sum=12887389.000000 elapsed=27.17s
  progress: 91/200 score_sum=15231661.000000 elapsed=31.05s
  progress: 103/200 score_sum=16728407.000000 elapsed=34.92s
  progress: 115/200 score_sum=18847109.000000 elapsed=38.80s
  progress: 127/200 score_sum=20839340.000000 elapsed=42.68s
  progress: 139/200 score_sum=22885635.000000 elapsed=46.55s
  progress: 151/200 score_sum=24945869.000000 elapsed=50.43s
  progress: 163/200 score_sum=26729309.000000 elapsed=54.31s
  progress: 175/200 score_sum=29016144.000000 elapsed=58.18s
  progress: 187/200 score_sum=30953628.000000 elapsed=62.06s
  progress: 199/200 score_sum=33037542.000000 elapsed=65.93s
  progress: 200/200 score_sum=33143239.000000 elapsed=65.93s
[16] total_score=33143239.0 best=35005213.0 elapsed=65.94s
[17] start: cases=200 jobs=6 isolate_cwd=True timeout=30.0
  progress: 7/200 score_sum=758924.000000 elapsed=3.70s
  progress: 19/200 score_sum=3071230.000000 elapsed=7.36s
  progress: 31/200 score_sum=4808887.000000 elapsed=11.02s
  progress: 43/200 score_sum=6866845.000000 elapsed=14.69s
  progress: 55/200 score_sum=8780832.000000 elapsed=18.35s
  progress: 67/200 score_sum=10844426.000000 elapsed=22.01s
  progress: 79/200 score_sum=12682503.000000 elapsed=25.67s
  progress: 91/200 score_sum=15067707.000000 elapsed=29.34s
  progress: 103/200 score_sum=16659081.000000 elapsed=33.00s
  progress: 115/200 score_sum=18846212.000000 elapsed=36.66s
  progress: 127/200 score_sum=20890967.000000 elapsed=40.33s
  progress: 139/200 score_sum=23205249.000000 elapsed=43.99s
  progress: 151/200 score_sum=25291508.000000 elapsed=47.65s
  progress: 163/200 score_sum=26991502.000000 elapsed=51.31s
  progress: 175/200 score_sum=29511383.000000 elapsed=54.97s
  progress: 187/200 score_sum=31266267.000000 elapsed=58.63s
  progress: 199/200 score_sum=33253055.000000 elapsed=62.29s
  progress: 200/200 score_sum=33501459.000000 elapsed=62.29s
[17] total_score=33501459.0 best=35005213.0 elapsed=62.30s
[18] start: cases=200 jobs=6 isolate_cwd=True timeout=30.0
  progress: 7/200 score_sum=856728.000000 elapsed=3.85s
  progress: 19/200 score_sum=3036323.000000 elapsed=7.66s
  progress: 31/200 score_sum=5259316.000000 elapsed=11.48s
  progress: 43/200 score_sum=7237754.000000 elapsed=15.30s
  progress: 55/200 score_sum=9029715.000000 elapsed=19.11s
  progress: 67/200 score_sum=11194396.000000 elapsed=22.92s
  progress: 79/200 score_sum=13136747.000000 elapsed=26.74s
  progress: 91/200 score_sum=15634153.000000 elapsed=30.55s
  progress: 103/200 score_sum=17493747.000000 elapsed=34.37s
  progress: 115/200 score_sum=19526873.000000 elapsed=38.18s
  progress: 127/200 score_sum=21689541.000000 elapsed=42.00s
  progress: 139/200 score_sum=24021661.000000 elapsed=45.81s
  progress: 151/200 score_sum=26457399.000000 elapsed=49.63s
  progress: 163/200 score_sum=28303156.000000 elapsed=53.44s
  progress: 175/200 score_sum=30666697.000000 elapsed=57.26s
  progress: 187/200 score_sum=32595208.000000 elapsed=61.07s
  progress: 199/200 score_sum=34516744.000000 elapsed=64.88s
  progress: 200/200 score_sum=34779708.000000 elapsed=64.88s
[18] total_score=34779708.0 best=35005213.0 elapsed=64.89s
[19] start: cases=200 jobs=6 isolate_cwd=True timeout=30.0
  progress: 1/200 score_sum=113410.000000 elapsed=2.05s
  progress: 7/200 score_sum=897866.000000 elapsed=4.07s
  progress: 13/200 score_sum=1847143.000000 elapsed=6.09s
  progress: 19/200 score_sum=3137325.000000 elapsed=8.10s
  progress: 25/200 score_sum=4321811.000000 elapsed=10.12s
  progress: 31/200 score_sum=5484704.000000 elapsed=12.13s
  progress: 37/200 score_sum=6407938.000000 elapsed=14.15s
  progress: 43/200 score_sum=7563963.000000 elapsed=16.16s
  progress: 49/200 score_sum=8553814.000000 elapsed=18.18s
  progress: 55/200 score_sum=9439204.000000 elapsed=20.20s
  progress: 61/200 score_sum=10478401.000000 elapsed=22.21s
  progress: 67/200 score_sum=11535776.000000 elapsed=24.23s
  progress: 73/200 score_sum=12363612.000000 elapsed=26.24s
  progress: 79/200 score_sum=13156163.000000 elapsed=28.26s
  progress: 85/200 score_sum=14582334.000000 elapsed=30.27s
  progress: 91/200 score_sum=15374467.000000 elapsed=32.29s
  progress: 97/200 score_sum=16276980.000000 elapsed=34.30s
  progress: 103/200 score_sum=17340368.000000 elapsed=36.32s
  progress: 109/200 score_sum=18736062.000000 elapsed=38.33s
  progress: 115/200 score_sum=19625801.000000 elapsed=40.35s
  progress: 121/200 score_sum=20683367.000000 elapsed=42.36s
  progress: 127/200 score_sum=21588235.000000 elapsed=44.38s
  progress: 133/200 score_sum=22749964.000000 elapsed=46.39s
  progress: 139/200 score_sum=23914365.000000 elapsed=48.43s
  progress: 145/200 score_sum=24851117.000000 elapsed=50.44s
  progress: 151/200 score_sum=26018852.000000 elapsed=52.46s
  progress: 157/200 score_sum=26946767.000000 elapsed=54.48s
  progress: 163/200 score_sum=27892710.000000 elapsed=56.49s
  progress: 169/200 score_sum=29265698.000000 elapsed=58.51s
  progress: 175/200 score_sum=30621923.000000 elapsed=60.52s
  progress: 181/200 score_sum=31413640.000000 elapsed=62.54s
  progress: 187/200 score_sum=32748790.000000 elapsed=64.56s
  progress: 193/200 score_sum=33797758.000000 elapsed=66.57s
  progress: 199/200 score_sum=34923313.000000 elapsed=68.58s
  progress: 200/200 score_sum=35013458.000000 elapsed=68.58s
[19] total_score=35013458.0 best=35013458.0 elapsed=68.59s
[20] start: cases=200 jobs=6 isolate_cwd=True timeout=30.0
  progress: 1/200 score_sum=218399.000000 elapsed=2.08s
  progress: 7/200 score_sum=1129889.000000 elapsed=4.12s
  progress: 13/200 score_sum=2015588.000000 elapsed=6.16s
  progress: 19/200 score_sum=3268009.000000 elapsed=8.20s
  progress: 25/200 score_sum=4368208.000000 elapsed=10.24s
  progress: 31/200 score_sum=5303200.000000 elapsed=12.28s
  progress: 37/200 score_sum=6211941.000000 elapsed=14.32s
  progress: 43/200 score_sum=7242982.000000 elapsed=16.36s
  progress: 49/200 score_sum=8422765.000000 elapsed=18.40s
  progress: 55/200 score_sum=9172379.000000 elapsed=20.44s
  progress: 61/200 score_sum=10162963.000000 elapsed=22.48s
  progress: 67/200 score_sum=11228113.000000 elapsed=24.53s
  progress: 73/200 score_sum=12281857.000000 elapsed=26.57s
  progress: 79/200 score_sum=13520516.000000 elapsed=28.60s
  progress: 85/200 score_sum=14654621.000000 elapsed=30.64s
  progress: 91/200 score_sum=15615576.000000 elapsed=32.68s
  progress: 97/200 score_sum=16484099.000000 elapsed=34.72s
  progress: 103/200 score_sum=17451830.000000 elapsed=36.76s
  progress: 109/200 score_sum=18383826.000000 elapsed=38.80s
  progress: 115/200 score_sum=19482267.000000 elapsed=40.84s
  progress: 121/200 score_sum=20514649.000000 elapsed=42.89s
  progress: 127/200 score_sum=21599730.000000 elapsed=44.93s
  progress: 133/200 score_sum=22831768.000000 elapsed=46.97s
  progress: 139/200 score_sum=24035438.000000 elapsed=49.00s
  progress: 145/200 score_sum=25090125.000000 elapsed=51.05s
  progress: 151/200 score_sum=26235394.000000 elapsed=53.08s
  progress: 157/200 score_sum=27473059.000000 elapsed=55.13s
  progress: 163/200 score_sum=28307177.000000 elapsed=57.17s
  progress: 169/200 score_sum=29692206.000000 elapsed=59.21s
  progress: 175/200 score_sum=31106012.000000 elapsed=61.25s
  progress: 181/200 score_sum=32009335.000000 elapsed=63.29s
  progress: 187/200 score_sum=33059278.000000 elapsed=65.33s
  progress: 193/200 score_sum=33992413.000000 elapsed=67.37s
  progress: 199/200 score_sum=35136643.000000 elapsed=69.40s
  progress: 200/200 score_sum=35360102.000000 elapsed=69.40s
[20] total_score=35360102.0 best=35360102.0 elapsed=69.41s

=== TOP RESULTS ===

#1 total_score=35360102.0
base_eps=0.25
base_wa=0.6
base_wb=0.6
base_wc=0.6
base_wd=0.6
depth_early=7
depth_late=11
depth_mid=10
fast_empty_mult=3.0
fast_enemy_lvl1_leader_mult=6.915140204095886
fast_enemy_lvl1_other_mult=6.0
fast_enemy_lvlge2_leader_mult=0.9
fast_enemy_lvlge2_other_mult=0.6
fast_own_eqU_mult=0.06123170494435577
fast_own_ltU_mult=1.0
my_empty_mult=4.158041517441582
my_enemy_lvl1_leader_mult=6.703571361159733
my_enemy_lvl1_other_mult=6.0
my_enemy_lvlge2_leader_mult=1.2
my_enemy_lvlge2_other_mult=0.8
my_min_w=0.01
my_own_eqU_safe_mult=0.0450417279607806
my_own_eqU_threat_mult=0.8
my_own_ltU_safe_mult=0.6
my_own_ltU_threat_mult=6.520436877618656
t_early=30
t_mid=70
time_limit=2.0197852756287764
ucb_c=0.20738909720843646

#2 total_score=35013458.0
base_eps=0.25
base_wa=0.6
base_wb=0.6
base_wc=0.6
base_wd=0.6
depth_early=7
depth_late=11
depth_mid=10
fast_empty_mult=3.0
fast_enemy_lvl1_leader_mult=12.43274437238562
fast_enemy_lvl1_other_mult=6.0
fast_enemy_lvlge2_leader_mult=0.9
fast_enemy_lvlge2_other_mult=0.6
fast_own_eqU_mult=0.04091218699430531
fast_own_ltU_mult=1.0
my_empty_mult=2.0623552835827494
my_enemy_lvl1_leader_mult=10.554612481541062
my_enemy_lvl1_other_mult=6.0
my_enemy_lvlge2_leader_mult=1.2
my_enemy_lvlge2_other_mult=0.8
my_min_w=0.01
my_own_eqU_safe_mult=0.05668029536570717
my_own_eqU_threat_mult=0.8
my_own_ltU_safe_mult=0.6
my_own_ltU_threat_mult=8.077722977153538
t_early=30
t_mid=70
time_limit=1.9940502130553022
ucb_c=0.256014045128913

#3 total_score=35005213.0
base_eps=0.25
base_wa=0.6
base_wb=0.6
base_wc=0.6
base_wd=0.6
depth_early=4
depth_late=8
depth_mid=10
fast_empty_mult=3.0
fast_enemy_lvl1_leader_mult=12.561333184305749
fast_enemy_lvl1_other_mult=6.0
fast_enemy_lvlge2_leader_mult=0.9
fast_enemy_lvlge2_other_mult=0.6
fast_own_eqU_mult=0.053472165971587285
fast_own_ltU_mult=1.0
my_empty_mult=2.1667531009955994
my_enemy_lvl1_leader_mult=11.831764622060357
my_enemy_lvl1_other_mult=6.0
my_enemy_lvlge2_leader_mult=1.2
my_enemy_lvlge2_other_mult=0.8
my_min_w=0.01
my_own_eqU_safe_mult=0.05390280422393067
my_own_eqU_threat_mult=0.8
my_own_ltU_safe_mult=0.6
my_own_ltU_threat_mult=7.876096730865944
t_early=30
t_mid=70
time_limit=1.9483029271969172
ucb_c=0.3267401430704329

#4 total_score=34779708.0
base_eps=0.25
base_wa=0.6
base_wb=0.6
base_wc=0.6
base_wd=0.6
depth_early=8
depth_late=10
depth_mid=7
fast_empty_mult=3.0
fast_enemy_lvl1_leader_mult=6.711379177988077
fast_enemy_lvl1_other_mult=6.0
fast_enemy_lvlge2_leader_mult=0.9
fast_enemy_lvlge2_other_mult=0.6
fast_own_eqU_mult=0.04527088089009201
fast_own_ltU_mult=1.0
my_empty_mult=2.742928312570822
my_enemy_lvl1_leader_mult=11.282483415474221
my_enemy_lvl1_other_mult=6.0
my_enemy_lvlge2_leader_mult=1.2
my_enemy_lvlge2_other_mult=0.8
my_min_w=0.01
my_own_eqU_safe_mult=0.041571246160139505
my_own_eqU_threat_mult=0.8
my_own_ltU_safe_mult=0.6
my_own_ltU_threat_mult=5.602953446425532
t_early=30
t_mid=70
time_limit=1.8861320780350785
ucb_c=0.2713438002238895

#5 total_score=34771590.0
base_eps=0.25
base_wa=0.6
base_wb=0.6
base_wc=0.6
base_wd=0.6
depth_early=6
depth_late=10
depth_mid=6
fast_empty_mult=3.0
fast_enemy_lvl1_leader_mult=13.179296528501723
fast_enemy_lvl1_other_mult=6.0
fast_enemy_lvlge2_leader_mult=0.9
fast_enemy_lvlge2_other_mult=0.6
fast_own_eqU_mult=0.05745008810449333
fast_own_ltU_mult=1.0
my_empty_mult=3.2832663742728165
my_enemy_lvl1_leader_mult=11.097312537947825
my_enemy_lvl1_other_mult=6.0
my_enemy_lvlge2_leader_mult=1.2
my_enemy_lvlge2_other_mult=0.8
my_min_w=0.01
my_own_eqU_safe_mult=0.042855945149182284
my_own_eqU_threat_mult=0.8
my_own_ltU_safe_mult=0.6
my_own_ltU_threat_mult=5.935283716064347
t_early=30
t_mid=70
time_limit=2.1424275192499374
ucb_c=0.4242095728882698

#6 total_score=34578946.0
base_eps=0.25
base_wa=0.6
base_wb=0.6
base_wc=0.6
base_wd=0.6
depth_early=6
depth_late=10
depth_mid=8
fast_empty_mult=3.0
fast_enemy_lvl1_leader_mult=10.0
fast_enemy_lvl1_other_mult=6.0
fast_enemy_lvlge2_leader_mult=0.9
fast_enemy_lvlge2_other_mult=0.6
fast_own_eqU_mult=0.05
fast_own_ltU_mult=1.0
my_empty_mult=3.0
my_enemy_lvl1_leader_mult=10.0
my_enemy_lvl1_other_mult=6.0
my_enemy_lvlge2_leader_mult=1.2
my_enemy_lvlge2_other_mult=0.8
my_min_w=0.01
my_own_eqU_safe_mult=0.05
my_own_eqU_threat_mult=0.8
my_own_ltU_safe_mult=0.6
my_own_ltU_threat_mult=6.0
t_early=30
t_mid=70
time_limit=1.94
ucb_c=0.35

#7 total_score=34545633.0
base_eps=0.25
base_wa=0.6
base_wb=0.6
base_wc=0.6
base_wd=0.6
depth_early=6
depth_late=11
depth_mid=8
fast_empty_mult=3.0
fast_enemy_lvl1_leader_mult=7.2668440109020125
fast_enemy_lvl1_other_mult=6.0
fast_enemy_lvlge2_leader_mult=0.9
fast_enemy_lvlge2_other_mult=0.6
fast_own_eqU_mult=0.04174737102022909
fast_own_ltU_mult=1.0
my_empty_mult=2.3230166237884426
my_enemy_lvl1_leader_mult=6.917732612077766
my_enemy_lvl1_other_mult=6.0
my_enemy_lvlge2_leader_mult=1.2
my_enemy_lvlge2_other_mult=0.8
my_min_w=0.01
my_own_eqU_safe_mult=0.0670181913089542
my_own_eqU_threat_mult=0.8
my_own_ltU_safe_mult=0.6
my_own_ltU_threat_mult=6.017480640051051
t_early=30
t_mid=70
time_limit=1.8346501829670565
ucb_c=0.2623913318152188

#8 total_score=34520851.0
base_eps=0.25
base_wa=0.6
base_wb=0.6
base_wc=0.6
base_wd=0.6
depth_early=4
depth_late=11
depth_mid=8
fast_empty_mult=3.0
fast_enemy_lvl1_leader_mult=11.1889178885175
fast_enemy_lvl1_other_mult=6.0
fast_enemy_lvlge2_leader_mult=0.9
fast_enemy_lvlge2_other_mult=0.6
fast_own_eqU_mult=0.05160080179882215
fast_own_ltU_mult=1.0
my_empty_mult=3.147042842887747
my_enemy_lvl1_leader_mult=8.632571670369645
my_enemy_lvl1_other_mult=6.0
my_enemy_lvlge2_leader_mult=1.2
my_enemy_lvlge2_other_mult=0.8
my_min_w=0.01
my_own_eqU_safe_mult=0.041875865356759696
my_own_eqU_threat_mult=0.8
my_own_ltU_safe_mult=0.6
my_own_ltU_threat_mult=5.3376876394195385
t_early=30
t_mid=70
time_limit=1.8677182281089815
ucb_c=0.5670980944958663

#9 total_score=34508458.0
base_eps=0.25
base_wa=0.6
base_wb=0.6
base_wc=0.6
base_wd=0.6
depth_early=6
depth_late=9
depth_mid=6
fast_empty_mult=3.0
fast_enemy_lvl1_leader_mult=7.512592466733487
fast_enemy_lvl1_other_mult=6.0
fast_enemy_lvlge2_leader_mult=0.9
fast_enemy_lvlge2_other_mult=0.6
fast_own_eqU_mult=0.03912464509511109
fast_own_ltU_mult=1.0
my_empty_mult=4.188017467746533
my_enemy_lvl1_leader_mult=12.746556239647902
my_enemy_lvl1_other_mult=6.0
my_enemy_lvlge2_leader_mult=1.2
my_enemy_lvlge2_other_mult=0.8
my_min_w=0.01
my_own_eqU_safe_mult=0.05130647589798385
my_own_eqU_threat_mult=0.8
my_own_ltU_safe_mult=0.6
my_own_ltU_threat_mult=4.802432624165913
t_early=30
t_mid=70
time_limit=1.8763248574386546
ucb_c=0.5188470241186082

#10 total_score=34232709.0
base_eps=0.25
base_wa=0.6
base_wb=0.6
base_wc=0.6
base_wd=0.6
depth_early=7
depth_late=10
depth_mid=6
fast_empty_mult=3.0
fast_enemy_lvl1_leader_mult=13.019749746238274
fast_enemy_lvl1_other_mult=6.0
fast_enemy_lvlge2_leader_mult=0.9
fast_enemy_lvlge2_other_mult=0.6
fast_own_eqU_mult=0.04591779030232554
fast_own_ltU_mult=1.0
my_empty_mult=4.353517755386421
my_enemy_lvl1_leader_mult=13.973638053428878
my_enemy_lvl1_other_mult=6.0
my_enemy_lvlge2_leader_mult=1.2
my_enemy_lvlge2_other_mult=0.8
my_min_w=0.01
my_own_eqU_safe_mult=0.06620149212442625
my_own_eqU_threat_mult=0.8
my_own_ltU_safe_mult=0.6
my_own_ltU_threat_mult=5.932831737781589
t_early=30
t_mid=70
time_limit=2.0427130559172886
ucb_c=0.529132766237662
